WARNING: A restricted method in java.lang.System has been called
WARNING: java.lang.System::load has been called by com.formdev.flatlaf.util.NativeLibrary in an unnamed module (file:/F:/Claude%20Projects/resaver/dist/ReSaver/app/lib/flatlaf-3.4.1.jar)
WARNING: Use --enable-native-access=ALL-UNNAMED to avoid a warning for callers in this module
WARNING: Restricted methods will be blocked in a future release unless native access is enabled

Jun 27, 2026 11:45:42 PM resaver.gui.SaveWindow <init>
INFO: Created timer.
Jun 27, 2026 11:45:42 PM resaver.gui.SaveWindow <init>
INFO: Version: 6.0.null (2026-06-28 06:44)
Jun 27, 2026 11:45:42 PM resaver.gui.SaveWindow <init>
INFO: SaveWindow constructed; took 211.9 ms.
Jun 27, 2026 11:45:42 PM resaver.gui.Configurator validFile
INFO: invalid file: null.
Jun 27, 2026 11:45:47 PM resaver.gui.Opener doInBackground
INFO: ================
Jun 27, 2026 11:45:47 PM resaver.gui.Opener doInBackground
INFO: Reading from savegame file "D:\OneDrive\Documents\My Games\Skyrim Special Edition\Saves\eklkJJBiQ\Save10_505E9B8D_0_526F77616E_Tamriel_002054_20260626234138_12_1.ess".
Jun 27, 2026 11:45:47 PM resaver.ess.ESS <init>
INFO: LZ4 DECOMPRESSION 16,180,532->49,259,295 bytes
WARNING: A terminally deprecated method in sun.misc.Unsafe has been called
WARNING: sun.misc.Unsafe::arrayBaseOffset has been called by net.jpountz.util.UnsafeUtils (file:/F:/Claude%20Projects/resaver/dist/ReSaver/app/lib/lz4-pure-java-1.7.0.jar)
WARNING: Please consider reporting this to the maintainers of class net.jpountz.util.UnsafeUtils
WARNING: sun.misc.Unsafe::arrayBaseOffset will be removed in a future release
Jun 27, 2026 11:45:47 PM resaver.ess.ESS <init>
INFO: Header 245,855 bytes
        Sorting plugin group
        Sorting plugin group
Jun 27, 2026 11:45:58 PM resaver.gui.SaveWindow setESS
INFO: ================
Jun 27, 2026 11:45:58 PM resaver.gui.SaveWindow setESS
INFO: setESS
Jun 27, 2026 11:45:58 PM resaver.gui.JTreeHistory lambda$initComponents$0
INFO: TreeSelection: selection = Skyrim Special Edition (509572)
Jun 27, 2026 11:45:58 PM resaver.gui.SaveWindow setESS
INFO: Treeview initialized, took 369.7 ms.
Jun 27, 2026 11:45:58 PM resaver.gui.Configurator validFile
INFO: invalid file: directory (C:\Users\awesm\appData\local)
Jun 27, 2026 11:45:58 PM resaver.gui.SaveWindow lambda$updateFilters$0
INFO: Updating filters.
Jun 27, 2026 11:45:58 PM resaver.gui.SaveWindow createFilter
INFO: Creating filters.
Jun 27, 2026 11:45:58 PM resaver.gui.SaveWindow createFilter
INFO: Creating FilterFactory.
Jun 27, 2026 11:45:58 PM resaver.gui.SaveWindow createFilter
INFO: Adding filters.
Jun 27, 2026 11:45:58 PM resaver.gui.SaveWindow createFilter
WARNING: No filters generated.
Jun 27, 2026 11:45:58 PM resaver.gui.SaveWindow createFilter
INFO: Done creating, took 330.7 ms.
Jun 27, 2026 11:45:59 PM resaver.gui.SaveWindow lambda$updateFilters$0
INFO: Updating filter: restoring path = [Skyrim Special Edition (509572)]
Jun 27, 2026 11:45:59 PM resaver.gui.SaveWindow lambda$updateFilters$0
INFO: Filters updated, took 330.7 ms.